
> wini-replication@0.1.0 build
> next build

Γû▓ Next.js 16.1.6 (Turbopack)
- Environments: .env.local
- Experiments (use with caution):
  ┬╖ optimizePackageImports

  Creating an optimized production build ...
Γ£ô Compiled successfully in 8.1s
  Running TypeScript ...
  Collecting page data using 15 workers ...
  Generating static pages using 15 workers (0/44) ...
  Generating static pages using 15 workers (11/44) 
  Generating static pages using 15 workers (22/44) 
  Generating static pages using 15 workers (33/44) 
Γ£ô Generating static pages using 15 workers (44/44) in 1093.4ms
  Finalizing page optimization ...

Route (app)
Γöî Γùï /
Γö£ Γùï /_not-found
Γö£ Γùï /about
Γö£ ╞Æ /api/ai-advisor
Γö£ ╞Æ /api/tracking
Γö£ Γùï /career
Γö£ Γùï /catalog
Γö£ Γùï /configurator
Γö£ Γùï /contact
Γö£ Γùï /downloads
Γö£ Γùï /gallery
Γö£ Γùï /imprint
Γö£ Γùï /news
Γö£ Γùï /planning
Γö£ Γùï /privacy
Γö£ Γùï /products
Γö£ ΓùÅ /products/[category]
Γöé Γö£ /products/chairs
Γöé Γö£ /products/other-seating
Γöé Γö£ /products/tables
Γöé Γöö [+13 more paths]
Γö£ ╞Æ /products/[category]/[id]
Γö£ Γùï /projects
Γö£ Γùï /service
Γö£ Γùï /showrooms
Γö£ Γùï /social
Γö£ Γùï /solutions
Γö£ ╞Æ /solutions/[category]
Γö£ Γùï /support-ivr
Γö£ Γùï /sustainability
Γö£ Γùï /terms
Γö£ Γùï /tracking
Γöö Γùï /workstations/configurator


Γùï  (Static)   prerendered as static content
ΓùÅ  (SSG)      prerendered as static HTML (uses generateStaticParams)
╞Æ  (Dynamic)  server-rendered on demand

